// Jest Snapshot v1, https://goo.gl/fbAQLP

exports[`ToDoList render correctly 1`] = `
<div
  class="todo-block"
>
  <h3
    class="mb-5 mt-5"
  />
   
  <div
    class="v-list todo-list v-sheet v-sheet--tile theme--light"
    role="list"
  >
    <transition-group-stub
      name="slide-fade"
    >
      <div
        class="todo"
      >
        <div
          class="ml-3 list-item v-list-item theme--light"
          id="1"
          role="listitem"
          tabindex="-1"
        >
          <div
            class="v-input checkbox v-input--is-label-active v-input--is-dirty theme--light v-input--selection-controls v-input--checkbox primary--text"
          >
            <div
              class="v-input__control"
            >
              <div
                class="v-input__slot"
              >
                <div
                  class="v-input--selection-controls__input"
                >
                  <i
                    aria-hidden="true"
                    class="v-icon notranslate material-icons theme--light primary--text"
                  >
                    $checkboxOn
                  </i>
                  <input
                    aria-checked="true"
                    id="input-6"
                    role="checkbox"
                    type="checkbox"
                    value=""
                  />
                  <div
                    class="v-input--selection-controls__ripple primary--text"
                  />
                </div>
              </div>
              <div
                class="v-messages theme--light primary--text"
              >
                <transition-group-stub
                  class="v-messages__wrapper"
                  name="message-transition"
                  tag="div"
                />
              </div>
            </div>
          </div>
           
          <div
            class="v-list-item__content"
          >
            <div
              class="v-list-item__subtitle todo-text ma-0 completed"
            >
              Some text1
            </div>
          </div>
           
          <div
            class="v-list-item__action"
          >
            <button
              class="edit-btn v-btn v-btn--flat v-btn--icon v-btn--round theme--light v-size--small primary--text"
              type="button"
            >
              <span
                class="v-btn__content"
              >
                <i
                  aria-hidden="true"
                  class="v-icon notranslate mdi mdi-pencil theme--light"
                />
              </span>
            </button>
          </div>
           
          <div
            class="v-list-item__action"
          >
            <button
              class="del-btn v-btn v-btn--flat v-btn--icon v-btn--round theme--light v-size--small primary--text"
              type="button"
            >
              <span
                class="v-btn__content"
              >
                <i
                  aria-hidden="true"
                  class="v-icon notranslate mdi mdi-delete theme--light"
                />
              </span>
            </button>
          </div>
        </div>
         
        <hr
          aria-orientation="horizontal"
          class="v-divider theme--dark"
          role="separator"
        />
      </div>
      <div
        class="todo"
      >
        <div
          class="ml-3 list-item v-list-item theme--light"
          id="2"
          role="listitem"
          tabindex="-1"
        >
          <div
            class="v-input checkbox theme--light v-input--selection-controls v-input--checkbox"
          >
            <div
              class="v-input__control"
            >
              <div
                class="v-input__slot"
              >
                <div
                  class="v-input--selection-controls__input"
                >
                  <i
                    aria-hidden="true"
                    class="v-icon notranslate material-icons theme--light"
                  >
                    $checkboxOff
                  </i>
                  <input
                    aria-checked="false"
                    id="input-17"
                    role="checkbox"
                    type="checkbox"
                    value=""
                  />
                  <div
                    class="v-input--selection-controls__ripple"
                  />
                </div>
              </div>
              <div
                class="v-messages theme--light"
              >
                <transition-group-stub
                  class="v-messages__wrapper"
                  name="message-transition"
                  tag="div"
                />
              </div>
            </div>
          </div>
           
          <div
            class="v-list-item__content"
          >
            <div
              class="v-list-item__subtitle todo-text ma-0"
            >
              Some text2
            </div>
          </div>
           
          <div
            class="v-list-item__action"
          >
            <button
              class="edit-btn v-btn v-btn--flat v-btn--icon v-btn--round theme--light v-size--small primary--text"
              type="button"
            >
              <span
                class="v-btn__content"
              >
                <i
                  aria-hidden="true"
                  class="v-icon notranslate mdi mdi-pencil theme--light"
                />
              </span>
            </button>
          </div>
           
          <div
            class="v-list-item__action"
          >
            <button
              class="del-btn v-btn v-btn--flat v-btn--icon v-btn--round theme--light v-size--small primary--text"
              type="button"
            >
              <span
                class="v-btn__content"
              >
                <i
                  aria-hidden="true"
                  class="v-icon notranslate mdi mdi-delete theme--light"
                />
              </span>
            </button>
          </div>
        </div>
         
        <hr
          aria-orientation="horizontal"
          class="v-divider theme--dark"
          role="separator"
        />
      </div>
      <div
        class="todo"
      >
        <div
          class="ml-3 list-item v-list-item theme--light"
          id="3"
          role="listitem"
          tabindex="-1"
        >
          <div
            class="v-input checkbox v-input--is-label-active v-input--is-dirty theme--light v-input--selection-controls v-input--checkbox primary--text"
          >
            <div
              class="v-input__control"
            >
              <div
                class="v-input__slot"
              >
                <div
                  class="v-input--selection-controls__input"
                >
                  <i
                    aria-hidden="true"
                    class="v-icon notranslate material-icons theme--light primary--text"
                  >
                    $checkboxOn
                  </i>
                  <input
                    aria-checked="true"
                    id="input-28"
                    role="checkbox"
                    type="checkbox"
                    value=""
                  />
                  <div
                    class="v-input--selection-controls__ripple primary--text"
                  />
                </div>
              </div>
              <div
                class="v-messages theme--light primary--text"
              >
                <transition-group-stub
                  class="v-messages__wrapper"
                  name="message-transition"
                  tag="div"
                />
              </div>
            </div>
          </div>
           
          <div
            class="v-list-item__content"
          >
            <div
              class="v-list-item__subtitle todo-text ma-0 completed"
            >
              Some text3
            </div>
          </div>
           
          <div
            class="v-list-item__action"
          >
            <button
              class="edit-btn v-btn v-btn--flat v-btn--icon v-btn--round theme--light v-size--small primary--text"
              type="button"
            >
              <span
                class="v-btn__content"
              >
                <i
                  aria-hidden="true"
                  class="v-icon notranslate mdi mdi-pencil theme--light"
                />
              </span>
            </button>
          </div>
           
          <div
            class="v-list-item__action"
          >
            <button
              class="del-btn v-btn v-btn--flat v-btn--icon v-btn--round theme--light v-size--small primary--text"
              type="button"
            >
              <span
                class="v-btn__content"
              >
                <i
                  aria-hidden="true"
                  class="v-icon notranslate mdi mdi-delete theme--light"
                />
              </span>
            </button>
          </div>
        </div>
         
        <hr
          aria-orientation="horizontal"
          class="v-divider theme--dark"
          role="separator"
        />
      </div>
      <div
        class="todo"
      >
        <div
          class="ml-3 list-item v-list-item theme--light"
          id="4"
          role="listitem"
          tabindex="-1"
        >
          <div
            class="v-input checkbox theme--light v-input--selection-controls v-input--checkbox"
          >
            <div
              class="v-input__control"
            >
              <div
                class="v-input__slot"
              >
                <div
                  class="v-input--selection-controls__input"
                >
                  <i
                    aria-hidden="true"
                    class="v-icon notranslate material-icons theme--light"
                  >
                    $checkboxOff
                  </i>
                  <input
                    aria-checked="false"
                    id="input-39"
                    role="checkbox"
                    type="checkbox"
                    value=""
                  />
                  <div
                    class="v-input--selection-controls__ripple"
                  />
                </div>
              </div>
              <div
                class="v-messages theme--light"
              >
                <transition-group-stub
                  class="v-messages__wrapper"
                  name="message-transition"
                  tag="div"
                />
              </div>
            </div>
          </div>
           
          <div
            class="v-list-item__content"
          >
            <div
              class="v-list-item__subtitle todo-text ma-0"
            >
              Some text4
            </div>
          </div>
           
          <div
            class="v-list-item__action"
          >
            <button
              class="edit-btn v-btn v-btn--flat v-btn--icon v-btn--round theme--light v-size--small primary--text"
              type="button"
            >
              <span
                class="v-btn__content"
              >
                <i
                  aria-hidden="true"
                  class="v-icon notranslate mdi mdi-pencil theme--light"
                />
              </span>
            </button>
          </div>
           
          <div
            class="v-list-item__action"
          >
            <button
              class="del-btn v-btn v-btn--flat v-btn--icon v-btn--round theme--light v-size--small primary--text"
              type="button"
            >
              <span
                class="v-btn__content"
              >
                <i
                  aria-hidden="true"
                  class="v-icon notranslate mdi mdi-delete theme--light"
                />
              </span>
            </button>
          </div>
        </div>
         
        <hr
          aria-orientation="horizontal"
          class="v-divider theme--dark"
          role="separator"
        />
      </div>
      <div
        class="todo"
      >
        <div
          class="ml-3 list-item v-list-item theme--light"
          id="5"
          role="listitem"
          tabindex="-1"
        >
          <div
            class="v-input checkbox v-input--is-label-active v-input--is-dirty theme--light v-input--selection-controls v-input--checkbox primary--text"
          >
            <div
              class="v-input__control"
            >
              <div
                class="v-input__slot"
              >
                <div
                  class="v-input--selection-controls__input"
                >
                  <i
                    aria-hidden="true"
                    class="v-icon notranslate material-icons theme--light primary--text"
                  >
                    $checkboxOn
                  </i>
                  <input
                    aria-checked="true"
                    id="input-50"
                    role="checkbox"
                    type="checkbox"
                    value=""
                  />
                  <div
                    class="v-input--selection-controls__ripple primary--text"
                  />
                </div>
              </div>
              <div
                class="v-messages theme--light primary--text"
              >
                <transition-group-stub
                  class="v-messages__wrapper"
                  name="message-transition"
                  tag="div"
                />
              </div>
            </div>
          </div>
           
          <div
            class="v-list-item__content"
          >
            <div
              class="v-list-item__subtitle todo-text ma-0 completed"
            >
              Some text5
            </div>
          </div>
           
          <div
            class="v-list-item__action"
          >
            <button
              class="edit-btn v-btn v-btn--flat v-btn--icon v-btn--round theme--light v-size--small primary--text"
              type="button"
            >
              <span
                class="v-btn__content"
              >
                <i
                  aria-hidden="true"
                  class="v-icon notranslate mdi mdi-pencil theme--light"
                />
              </span>
            </button>
          </div>
           
          <div
            class="v-list-item__action"
          >
            <button
              class="del-btn v-btn v-btn--flat v-btn--icon v-btn--round theme--light v-size--small primary--text"
              type="button"
            >
              <span
                class="v-btn__content"
              >
                <i
                  aria-hidden="true"
                  class="v-icon notranslate mdi mdi-delete theme--light"
                />
              </span>
            </button>
          </div>
        </div>
         
        <hr
          aria-orientation="horizontal"
          class="v-divider theme--dark"
          role="separator"
        />
      </div>
      <div
        class="todo"
      >
        <div
          class="ml-3 list-item v-list-item theme--light"
          id="6"
          role="listitem"
          tabindex="-1"
        >
          <div
            class="v-input checkbox v-input--is-label-active v-input--is-dirty theme--light v-input--selection-controls v-input--checkbox primary--text"
          >
            <div
              class="v-input__control"
            >
              <div
                class="v-input__slot"
              >
                <div
                  class="v-input--selection-controls__input"
                >
                  <i
                    aria-hidden="true"
                    class="v-icon notranslate material-icons theme--light primary--text"
                  >
                    $checkboxOn
                  </i>
                  <input
                    aria-checked="true"
                    id="input-61"
                    role="checkbox"
                    type="checkbox"
                    value=""
                  />
                  <div
                    class="v-input--selection-controls__ripple primary--text"
                  />
                </div>
              </div>
              <div
                class="v-messages theme--light primary--text"
              >
                <transition-group-stub
                  class="v-messages__wrapper"
                  name="message-transition"
                  tag="div"
                />
              </div>
            </div>
          </div>
           
          <div
            class="v-list-item__content"
          >
            <div
              class="v-list-item__subtitle todo-text ma-0 completed"
            >
              Some text6
            </div>
          </div>
           
          <div
            class="v-list-item__action"
          >
            <button
              class="edit-btn v-btn v-btn--flat v-btn--icon v-btn--round theme--light v-size--small primary--text"
              type="button"
            >
              <span
                class="v-btn__content"
              >
                <i
                  aria-hidden="true"
                  class="v-icon notranslate mdi mdi-pencil theme--light"
                />
              </span>
            </button>
          </div>
           
          <div
            class="v-list-item__action"
          >
            <button
              class="del-btn v-btn v-btn--flat v-btn--icon v-btn--round theme--light v-size--small primary--text"
              type="button"
            >
              <span
                class="v-btn__content"
              >
                <i
                  aria-hidden="true"
                  class="v-icon notranslate mdi mdi-delete theme--light"
                />
              </span>
            </button>
          </div>
        </div>
         
        <hr
          aria-orientation="horizontal"
          class="v-divider theme--dark"
          role="separator"
        />
      </div>
    </transition-group-stub>
  </div>
</div>
`;
